# serializer version: 1
# name: test_getting_devices
  list([
    Zwave(
      assistants_enabled=1,
      binary_sensor_property=dict({
        'devolo.BinarySensor:hdm:ZWave:CBC56091/2#Alarm(0)': BinarySensorProperty(
          device_uid='hdm:ZWave:CBC56091/2',
          element_uid='devolo.BinarySensor:hdm:ZWave:CBC56091/2#Alarm(0)',
          last_activity=datetime.datetime(1970, 1, 1, 1, 0, tzinfo=tzfile('/usr/share/zoneinfo/Europe/Berlin')),
          sensor_type='alarm',
          state=False,
          sub_type='overload',
        ),
        'devolo.WarningBinaryFI:hdm:ZWave:CBC56091/2': BinarySensorProperty(
          device_uid='hdm:ZWave:CBC56091/2',
          element_uid='devolo.WarningBinaryFI:hdm:ZWave:CBC56091/2',
          last_activity=datetime.datetime(1970, 1, 1, 1, 0, tzinfo=tzfile('/usr/share/zoneinfo/Europe/Berlin')),
          sensor_type='warning',
          state=False,
          sub_type='overload',
        ),
      }),
      binary_switch_property=dict({
        'devolo.BinarySwitch:hdm:ZWave:CBC56091/2': BinarySwitchProperty(
          device_uid='hdm:ZWave:CBC56091/2',
          element_uid='devolo.BinarySwitch:hdm:ZWave:CBC56091/2',
          enabled=True,
          last_activity=datetime.datetime(1970, 1, 1, 1, 0, tzinfo=tzfile('/usr/share/zoneinfo/Europe/Berlin')),
          state=False,
        ),
      }),
      brand='Everspring',
      consumption_property=dict({
        'devolo.Meter:hdm:ZWave:CBC56091/2': ConsumptionProperty(
          current=10,
          current_unit='W',
          device_uid='hdm:ZWave:CBC56091/2',
          element_uid='devolo.Meter:hdm:ZWave:CBC56091/2',
          last_activity=datetime.datetime(1970, 1, 1, 1, 0, tzinfo=tzfile('/usr/share/zoneinfo/Europe/Berlin')),
          total=28.38,
          total_since=datetime.datetime(2017, 5, 30, 8, 11, 4, 998000, tzinfo=tzfile('/usr/share/zoneinfo/Europe/Berlin')),
          total_unit='kWh',
        ),
      }),
      description=None,
      device_model_uid='devolo.model.Wall:Plug:Switch:and:Meter',
      device_type='Door Lock Keypad',
      element_uids=list([
        'devolo.Meter:hdm:ZWave:CBC56091/2',
        'devolo.BinarySwitch:hdm:ZWave:CBC56091/2',
        'devolo.BinarySensor:hdm:ZWave:CBC56091/2#Alarm(0)',
        'devolo.VoltageMultiLevelSensor:hdm:ZWave:CBC56091/2',
        'devolo.WarningBinaryFI:hdm:ZWave:CBC56091/2',
      ]),
      generic_device_class='Entry Control',
      href='https://mydevolo.com/v1/zwave/products/0x0060/0x0001/0x0002',
      identifier='SP814-US',
      is_own=True,
      is_securely_included=False,
      is_zwave_plus=True,
      manufacturer_id='0x0060',
      multi_level_sensor_property=dict({
        'devolo.VoltageMultiLevelSensor:hdm:ZWave:CBC56091/2': MultiLevelSensorProperty(
          device_uid='hdm:ZWave:CBC56091/2',
          element_uid='devolo.VoltageMultiLevelSensor:hdm:ZWave:CBC56091/2',
          last_activity=datetime.datetime(1970, 1, 1, 1, 0, tzinfo=tzfile('/usr/share/zoneinfo/Europe/Berlin')),
          sensor_type='voltage',
          sub_type='',
          unit='V',
          value=233.5,
        ),
      }),
      name='Everspring PIR Sensor SP814',
      pending_operations=False,
      product_id='0x0002',
      product_type_id='0x0001',
      secure_inclusion_code=0,
      setting_uids=list([
        'gds.hdm:ZWave:CBC56091/2',
        'cps.hdm:ZWave:CBC56091/2',
        'lis.hdm:ZWave:CBC56091/2',
        'ps.hdm:ZWave:CBC56091/2',
        'mas.hdm:ZWave:CBC56091/2',
      ]),
      settings_property=dict({
        'flash_mode': SettingsProperty(
          element_uid='mas.hdm:ZWave:CBC56091/2',
          last_activity=datetime.datetime(1970, 1, 1, 1, 0, tzinfo=tzfile('/usr/share/zoneinfo/Europe/Berlin')),
          value=3,
        ),
        'general_device_settings': SettingsProperty(
          element_uid='gds.hdm:ZWave:CBC56091/2',
          events_enabled=True,
          icon='light-bulb',
          last_activity=datetime.datetime(1970, 1, 1, 1, 0, tzinfo=tzfile('/usr/share/zoneinfo/Europe/Berlin')),
          name='Light Bulb',
          zone='Office',
          zone_id='hz_1',
        ),
        'led': SettingsProperty(
          element_uid='lis.hdm:ZWave:CBC56091/2',
          last_activity=datetime.datetime(1970, 1, 1, 1, 0, tzinfo=tzfile('/usr/share/zoneinfo/Europe/Berlin')),
          led_setting=True,
        ),
        'param_changed': SettingsProperty(
          element_uid='cps.hdm:ZWave:CBC56091/2',
          last_activity=datetime.datetime(1970, 1, 1, 1, 0, tzinfo=tzfile('/usr/share/zoneinfo/Europe/Berlin')),
          param_changed=False,
        ),
        'protection': SettingsProperty(
          element_uid='ps.hdm:ZWave:CBC56091/2',
          last_activity=datetime.datetime(1970, 1, 1, 1, 0, tzinfo=tzfile('/usr/share/zoneinfo/Europe/Berlin')),
          local_switching=True,
          remote_switching=True,
        ),
      }),
      specific_device_class='Secure Keypad Door Lock',
      status=2,
      uid='hdm:ZWave:CBC56091/2',
      zwave_version='6.51.07',
    ),
  ])
# ---
