# serializer version: 1
# name: test_getting_devices
  list([
    Zwave(
      assistants_enabled=1,
      battery_level=84,
      battery_low=False,
      brand='Everspring',
      description=None,
      device_model_uid='devolo.model.Room:Thermostat',
      device_type='Door Lock Keypad',
      element_uids=list([
        'devolo.MultiLevelSensor:hdm:ZWave:CBC56091/5',
        'devolo.MultiLevelSwitch:hdm:ZWave:CBC56091/5#ThermostatSetpoint(1)',
        'devolo.RemoteControl:hdm:ZWave:CBC56091/5',
      ]),
      generic_device_class='Entry Control',
      href='https://mydevolo.com/v1/zwave/products/0x0060/0x0001/0x0002',
      identifier='SP814-US',
      is_own=True,
      is_securely_included=False,
      is_zwave_plus=True,
      manufacturer_id='0x0060',
      multi_level_sensor_property=dict({
        'devolo.MultiLevelSensor:hdm:ZWave:CBC56091/5': MultiLevelSensorProperty(
          device_uid='hdm:ZWave:CBC56091/5',
          element_uid='devolo.MultiLevelSensor:hdm:ZWave:CBC56091/5',
          last_activity=FakeDatetime(1970, 1, 1, 1, 0, tzinfo=tzfile('/usr/share/zoneinfo/Europe/Berlin')),
          sensor_type='temperature',
          sub_type='',
          unit='°C',
          value=21.3,
        ),
      }),
      multi_level_switch_property=dict({
        'devolo.MultiLevelSwitch:hdm:ZWave:CBC56091/5#ThermostatSetpoint(1)': MultiLevelSwitchProperty(
          device_uid='hdm:ZWave:CBC56091/5',
          element_uid='devolo.MultiLevelSwitch:hdm:ZWave:CBC56091/5#ThermostatSetpoint(1)',
          last_activity=FakeDatetime(1970, 1, 1, 1, 0, tzinfo=tzfile('/usr/share/zoneinfo/Europe/Berlin')),
          max=28,
          min=4,
          switch_type='temperature',
          unit='°C',
          value=21,
        ),
      }),
      name='Everspring PIR Sensor SP814',
      pending_operations=False,
      product_id='0x0002',
      product_type_id='0x0001',
      remote_control_property=dict({
        'devolo.RemoteControl:hdm:ZWave:CBC56091/5': RemoteControlProperty(
          device_uid='hdm:ZWave:CBC56091/5',
          element_uid='devolo.RemoteControl:hdm:ZWave:CBC56091/5',
          key_count=1,
          key_pressed=0,
          last_activity=FakeDatetime(1970, 1, 1, 1, 0, tzinfo=tzfile('/usr/share/zoneinfo/Europe/Berlin')),
        ),
      }),
      secure_inclusion_code=0,
      setting_uids=list([
        'gds.hdm:ZWave:CBC56091/5',
        'cps.hdm:ZWave:CBC56091/5',
        'ss.hdm:ZWave:CBC56091/5:0',
      ]),
      settings_property=dict({
        'general_device_settings': SettingsProperty(
          element_uid='gds.hdm:ZWave:CBC56091/5',
          events_enabled=True,
          icon='icon_27',
          last_activity=FakeDatetime(1970, 1, 1, 1, 0, tzinfo=tzfile('/usr/share/zoneinfo/Europe/Berlin')),
          name='Thermostat',
          zone='Office',
          zone_id='hz_1',
        ),
        'param_changed': SettingsProperty(
          element_uid='cps.hdm:ZWave:CBC56091/5',
          last_activity=FakeDatetime(1970, 1, 1, 1, 0, tzinfo=tzfile('/usr/share/zoneinfo/Europe/Berlin')),
          param_changed=False,
        ),
      }),
      specific_device_class='Secure Keypad Door Lock',
      status=2,
      uid='hdm:ZWave:CBC56091/5',
      zwave_version='6.51.07',
    ),
    Zwave(
      assistants_enabled=1,
      battery_level=60,
      battery_low=False,
      brand='Everspring',
      description=None,
      device_model_uid='devolo.model.Wall:Control',
      device_type='Door Lock Keypad',
      element_uids=list([
        'devolo.RemoteControl:hdm:ZWave:CBC56091/7',
      ]),
      generic_device_class='Entry Control',
      href='https://mydevolo.com/v1/zwave/products/0x0060/0x0001/0x0002',
      identifier='SP814-US',
      is_own=True,
      is_securely_included=False,
      is_zwave_plus=True,
      manufacturer_id='0x0060',
      name='Everspring PIR Sensor SP814',
      pending_operations=False,
      product_id='0x0002',
      product_type_id='0x0001',
      remote_control_property=dict({
        'devolo.RemoteControl:hdm:ZWave:CBC56091/7': RemoteControlProperty(
          device_uid='hdm:ZWave:CBC56091/7',
          element_uid='devolo.RemoteControl:hdm:ZWave:CBC56091/7',
          key_count=4,
          key_pressed=0,
          last_activity=FakeDatetime(1970, 1, 1, 1, 0, tzinfo=tzfile('/usr/share/zoneinfo/Europe/Berlin')),
        ),
      }),
      secure_inclusion_code=0,
      setting_uids=list([
        'gds.hdm:ZWave:CBC56091/7',
        'cps.hdm:ZWave:CBC56091/7',
        'ss.hdm:ZWave:CBC56091/7:0',
        'ss.hdm:ZWave:CBC56091/7:1',
        'ss.hdm:ZWave:CBC56091/7:2',
        'ss.hdm:ZWave:CBC56091/7:3',
        'sts.hdm:ZWave:CBC56091/7',
      ]),
      settings_property=dict({
        'general_device_settings': SettingsProperty(
          element_uid='gds.hdm:ZWave:CBC56091/7',
          events_enabled=True,
          icon='icon_47',
          last_activity=FakeDatetime(1970, 1, 1, 1, 0, tzinfo=tzfile('/usr/share/zoneinfo/Europe/Berlin')),
          name='Wall Switch',
          zone='Office',
          zone_id='hz_1',
        ),
        'param_changed': SettingsProperty(
          element_uid='cps.hdm:ZWave:CBC56091/7',
          last_activity=FakeDatetime(1970, 1, 1, 1, 0, tzinfo=tzfile('/usr/share/zoneinfo/Europe/Berlin')),
          param_changed=False,
        ),
        'switch_type': SettingsProperty(
          element_uid='sts.hdm:ZWave:CBC56091/7',
          last_activity=FakeDatetime(1970, 1, 1, 1, 0, tzinfo=tzfile('/usr/share/zoneinfo/Europe/Berlin')),
          value=4,
        ),
      }),
      specific_device_class='Secure Keypad Door Lock',
      status=1,
      uid='hdm:ZWave:CBC56091/7',
      zwave_version='6.51.07',
    ),
  ])
# ---
